// Jest Snapshot v1, https://goo.gl/fbAQLP

exports[`IndicatorList unit test matches snapshot 1`] = `
ShallowWrapper {
  Symbol(enzyme.__root__): [Circular],
  Symbol(enzyme.__unrendered__): <MockedProvider
    addTypename={true}
    mocks={
      Array [
        Object {
          "request": Object {
            "query": Object {
              "definitions": Array [
                Object {
                  "directives": Array [],
                  "kind": "OperationDefinition",
                  "name": Object {
                    "kind": "Name",
                    "value": "indicatorRange",
                  },
                  "operation": "query",
                  "selectionSet": Object {
                    "kind": "SelectionSet",
                    "selections": Array [
                      Object {
                        "alias": undefined,
                        "arguments": Array [
                          Object {
                            "kind": "Argument",
                            "name": Object {
                              "kind": "Name",
                              "value": "first",
                            },
                            "value": Object {
                              "kind": "Variable",
                              "name": Object {
                                "kind": "Name",
                                "value": "first",
                              },
                            },
                          },
                          Object {
                            "kind": "Argument",
                            "name": Object {
                              "kind": "Name",
                              "value": "offset",
                            },
                            "value": Object {
                              "kind": "Variable",
                              "name": Object {
                                "kind": "Name",
                                "value": "offset",
                              },
                            },
                          },
                          Object {
                            "kind": "Argument",
                            "name": Object {
                              "kind": "Name",
                              "value": "orderBy",
                            },
                            "value": Object {
                              "kind": "Variable",
                              "name": Object {
                                "kind": "Name",
                                "value": "orderBy",
                              },
                            },
                          },
                        ],
                        "directives": Array [],
                        "kind": "Field",
                        "name": Object {
                          "kind": "Name",
                          "value": "allIndicators",
                        },
                        "selectionSet": Object {
                          "kind": "SelectionSet",
                          "selections": Array [
                            Object {
                              "alias": undefined,
                              "arguments": Array [],
                              "directives": Array [],
                              "kind": "Field",
                              "name": Object {
                                "kind": "Name",
                                "value": "totalCount",
                              },
                              "selectionSet": undefined,
                            },
                            Object {
                              "alias": undefined,
                              "arguments": Array [],
                              "directives": Array [],
                              "kind": "Field",
                              "name": Object {
                                "kind": "Name",
                                "value": "nodes",
                              },
                              "selectionSet": Object {
                                "kind": "SelectionSet",
                                "selections": Array [
                                  Object {
                                    "alias": undefined,
                                    "arguments": Array [],
                                    "directives": Array [],
                                    "kind": "Field",
                                    "name": Object {
                                      "kind": "Name",
                                      "value": "id",
                                    },
                                    "selectionSet": undefined,
                                  },
                                  Object {
                                    "alias": undefined,
                                    "arguments": Array [],
                                    "directives": Array [],
                                    "kind": "Field",
                                    "name": Object {
                                      "kind": "Name",
                                      "value": "name",
                                    },
                                    "selectionSet": undefined,
                                  },
                                  Object {
                                    "alias": undefined,
                                    "arguments": Array [],
                                    "directives": Array [],
                                    "kind": "Field",
                                    "name": Object {
                                      "kind": "Name",
                                      "value": "indicatorTypeId",
                                    },
                                    "selectionSet": undefined,
                                  },
                                  Object {
                                    "alias": undefined,
                                    "arguments": Array [],
                                    "directives": Array [],
                                    "kind": "Field",
                                    "name": Object {
                                      "kind": "Name",
                                      "value": "indicatorGroupId",
                                    },
                                    "selectionSet": undefined,
                                  },
                                  Object {
                                    "alias": undefined,
                                    "arguments": Array [],
                                    "directives": Array [],
                                    "kind": "Field",
                                    "name": Object {
                                      "kind": "Name",
                                      "value": "executionOrder",
                                    },
                                    "selectionSet": undefined,
                                  },
                                  Object {
                                    "alias": undefined,
                                    "arguments": Array [],
                                    "directives": Array [],
                                    "kind": "Field",
                                    "name": Object {
                                      "kind": "Name",
                                      "value": "flagActive",
                                    },
                                    "selectionSet": undefined,
                                  },
                                  Object {
                                    "alias": undefined,
                                    "arguments": Array [],
                                    "directives": Array [],
                                    "kind": "Field",
                                    "name": Object {
                                      "kind": "Name",
                                      "value": "updatedDate",
                                    },
                                    "selectionSet": undefined,
                                  },
                                ],
                              },
                            },
                          ],
                        },
                      },
                    ],
                  },
                  "variableDefinitions": Array [
                    Object {
                      "defaultValue": undefined,
                      "directives": Array [],
                      "kind": "VariableDefinition",
                      "type": Object {
                        "kind": "NonNullType",
                        "type": Object {
                          "kind": "NamedType",
                          "name": Object {
                            "kind": "Name",
                            "value": "Int",
                          },
                        },
                      },
                      "variable": Object {
                        "kind": "Variable",
                        "name": Object {
                          "kind": "Name",
                          "value": "first",
                        },
                      },
                    },
                    Object {
                      "defaultValue": undefined,
                      "directives": Array [],
                      "kind": "VariableDefinition",
                      "type": Object {
                        "kind": "NonNullType",
                        "type": Object {
                          "kind": "NamedType",
                          "name": Object {
                            "kind": "Name",
                            "value": "Int",
                          },
                        },
                      },
                      "variable": Object {
                        "kind": "Variable",
                        "name": Object {
                          "kind": "Name",
                          "value": "offset",
                        },
                      },
                    },
                    Object {
                      "defaultValue": undefined,
                      "directives": Array [],
                      "kind": "VariableDefinition",
                      "type": Object {
                        "kind": "ListType",
                        "type": Object {
                          "kind": "NonNullType",
                          "type": Object {
                            "kind": "NamedType",
                            "name": Object {
                              "kind": "Name",
                              "value": "IndicatorsOrderBy",
                            },
                          },
                        },
                      },
                      "variable": Object {
                        "kind": "Variable",
                        "name": Object {
                          "kind": "Name",
                          "value": "orderBy",
                        },
                      },
                    },
                  ],
                },
              ],
              "kind": "Document",
              "loc": Object {
                "end": 402,
                "start": 0,
              },
            },
          },
          "result": Object {
            "data": Object {
              "allIndicators": Object {
                "nodes": Array [
                  Object {
                    "executionOrder": 1,
                    "flagActive": true,
                    "id": 1,
                    "indicatorGroupId": 1,
                    "indicatorTypeId": 1,
                    "name": "dq_example_completeness_indicator",
                    "updatedDate": "2018-10-06T05:44:17.45341",
                  },
                  Object {
                    "executionOrder": 1,
                    "flagActive": true,
                    "id": 2,
                    "indicatorGroupId": 1,
                    "indicatorTypeId": 2,
                    "name": "dq_example_freshness_indicator",
                    "updatedDate": "2018-10-06T05:44:17.45341",
                  },
                  Object {
                    "executionOrder": 1,
                    "flagActive": true,
                    "id": 3,
                    "indicatorGroupId": 1,
                    "indicatorTypeId": 3,
                    "name": "dq_example_latency_indicator",
                    "updatedDate": "2018-10-06T05:44:17.45341",
                  },
                  Object {
                    "executionOrder": 1,
                    "flagActive": true,
                    "id": 4,
                    "indicatorGroupId": 1,
                    "indicatorTypeId": 4,
                    "name": "dq_example_validity_indicator",
                    "updatedDate": "2018-10-06T05:44:17.45341",
                  },
                ],
              },
            },
          },
        },
      ]
    }
  >
    <Connect(IndicatorList) />
  </MockedProvider>,
  Symbol(enzyme.__renderer__): Object {
    "batchedUpdates": [Function],
    "checkPropTypes": [Function],
    "getNode": [Function],
    "render": [Function],
    "simulateError": [Function],
    "simulateEvent": [Function],
    "unmount": [Function],
  },
  Symbol(enzyme.__node__): Object {
    "instance": null,
    "key": undefined,
    "nodeType": "class",
    "props": Object {
      "children": <Connect(IndicatorList) />,
      "client": ApolloClient {
        "cache": InMemoryCache {
          "addTypename": true,
          "cacheKeyRoot": CacheKeyNode {
            "children": null,
            "key": null,
          },
          "config": Object {
            "addTypename": true,
            "dataIdFromObject": [Function],
            "fragmentMatcher": HeuristicFragmentMatcher {},
            "resultCaching": true,
          },
          "data": DepTrackingCache {
            "data": Object {},
            "depend": [Function],
          },
          "maybeBroadcastWatch": [Function],
          "optimisticData": DepTrackingCache {
            "data": Object {},
            "depend": [Function],
          },
          "silenceBroadcast": false,
          "storeReader": StoreReader {
            "cacheKeyRoot": CacheKeyNode {
              "children": null,
              "key": null,
            },
            "executeSelectionSet": [Function],
            "executeStoreQuery": [Function],
          },
          "storeWriter": StoreWriter {},
          "typenameDocumentCache": Map {},
          "watches": Set {},
        },
        "clearStoreCallbacks": Array [],
        "clientAwareness": Object {},
        "defaultOptions": Object {},
        "disableNetworkFetches": false,
        "link": ApolloLink {
          "request": [Function],
        },
        "localState": LocalState {
          "cache": InMemoryCache {
            "addTypename": true,
            "cacheKeyRoot": CacheKeyNode {
              "children": null,
              "key": null,
            },
            "config": Object {
              "addTypename": true,
              "dataIdFromObject": [Function],
              "fragmentMatcher": HeuristicFragmentMatcher {},
              "resultCaching": true,
            },
            "data": DepTrackingCache {
              "data": Object {},
              "depend": [Function],
            },
            "maybeBroadcastWatch": [Function],
            "optimisticData": DepTrackingCache {
              "data": Object {},
              "depend": [Function],
            },
            "silenceBroadcast": false,
            "storeReader": StoreReader {
              "cacheKeyRoot": CacheKeyNode {
                "children": null,
                "key": null,
              },
              "executeSelectionSet": [Function],
              "executeStoreQuery": [Function],
            },
            "storeWriter": StoreWriter {},
            "typenameDocumentCache": Map {},
            "watches": Set {},
          },
          "client": [Circular],
        },
        "mutate": [Function],
        "query": [Function],
        "queryDeduplication": true,
        "reFetchObservableQueries": [Function],
        "resetStore": [Function],
        "resetStoreCallbacks": Array [],
        "ssrMode": false,
        "store": DataStore {
          "cache": InMemoryCache {
            "addTypename": true,
            "cacheKeyRoot": CacheKeyNode {
              "children": null,
              "key": null,
            },
            "config": Object {
              "addTypename": true,
              "dataIdFromObject": [Function],
              "fragmentMatcher": HeuristicFragmentMatcher {},
              "resultCaching": true,
            },
            "data": DepTrackingCache {
              "data": Object {},
              "depend": [Function],
            },
            "maybeBroadcastWatch": [Function],
            "optimisticData": DepTrackingCache {
              "data": Object {},
              "depend": [Function],
            },
            "silenceBroadcast": false,
            "storeReader": StoreReader {
              "cacheKeyRoot": CacheKeyNode {
                "children": null,
                "key": null,
              },
              "executeSelectionSet": [Function],
              "executeStoreQuery": [Function],
            },
            "storeWriter": StoreWriter {},
            "typenameDocumentCache": Map {},
            "watches": Set {},
          },
        },
        "typeDefs": undefined,
        "version": "2.5.0",
        "watchQuery": [Function],
      },
    },
    "ref": null,
    "rendered": Object {
      "instance": null,
      "key": undefined,
      "nodeType": "class",
      "props": Object {},
      "ref": null,
      "rendered": null,
      "type": [Function],
    },
    "type": [Function],
  },
  Symbol(enzyme.__nodes__): Array [
    Object {
      "instance": null,
      "key": undefined,
      "nodeType": "class",
      "props": Object {
        "children": <Connect(IndicatorList) />,
        "client": ApolloClient {
          "cache": InMemoryCache {
            "addTypename": true,
            "cacheKeyRoot": CacheKeyNode {
              "children": null,
              "key": null,
            },
            "config": Object {
              "addTypename": true,
              "dataIdFromObject": [Function],
              "fragmentMatcher": HeuristicFragmentMatcher {},
              "resultCaching": true,
            },
            "data": DepTrackingCache {
              "data": Object {},
              "depend": [Function],
            },
            "maybeBroadcastWatch": [Function],
            "optimisticData": DepTrackingCache {
              "data": Object {},
              "depend": [Function],
            },
            "silenceBroadcast": false,
            "storeReader": StoreReader {
              "cacheKeyRoot": CacheKeyNode {
                "children": null,
                "key": null,
              },
              "executeSelectionSet": [Function],
              "executeStoreQuery": [Function],
            },
            "storeWriter": StoreWriter {},
            "typenameDocumentCache": Map {},
            "watches": Set {},
          },
          "clearStoreCallbacks": Array [],
          "clientAwareness": Object {},
          "defaultOptions": Object {},
          "disableNetworkFetches": false,
          "link": ApolloLink {
            "request": [Function],
          },
          "localState": LocalState {
            "cache": InMemoryCache {
              "addTypename": true,
              "cacheKeyRoot": CacheKeyNode {
                "children": null,
                "key": null,
              },
              "config": Object {
                "addTypename": true,
                "dataIdFromObject": [Function],
                "fragmentMatcher": HeuristicFragmentMatcher {},
                "resultCaching": true,
              },
              "data": DepTrackingCache {
                "data": Object {},
                "depend": [Function],
              },
              "maybeBroadcastWatch": [Function],
              "optimisticData": DepTrackingCache {
                "data": Object {},
                "depend": [Function],
              },
              "silenceBroadcast": false,
              "storeReader": StoreReader {
                "cacheKeyRoot": CacheKeyNode {
                  "children": null,
                  "key": null,
                },
                "executeSelectionSet": [Function],
                "executeStoreQuery": [Function],
              },
              "storeWriter": StoreWriter {},
              "typenameDocumentCache": Map {},
              "watches": Set {},
            },
            "client": [Circular],
          },
          "mutate": [Function],
          "query": [Function],
          "queryDeduplication": true,
          "reFetchObservableQueries": [Function],
          "resetStore": [Function],
          "resetStoreCallbacks": Array [],
          "ssrMode": false,
          "store": DataStore {
            "cache": InMemoryCache {
              "addTypename": true,
              "cacheKeyRoot": CacheKeyNode {
                "children": null,
                "key": null,
              },
              "config": Object {
                "addTypename": true,
                "dataIdFromObject": [Function],
                "fragmentMatcher": HeuristicFragmentMatcher {},
                "resultCaching": true,
              },
              "data": DepTrackingCache {
                "data": Object {},
                "depend": [Function],
              },
              "maybeBroadcastWatch": [Function],
              "optimisticData": DepTrackingCache {
                "data": Object {},
                "depend": [Function],
              },
              "silenceBroadcast": false,
              "storeReader": StoreReader {
                "cacheKeyRoot": CacheKeyNode {
                  "children": null,
                  "key": null,
                },
                "executeSelectionSet": [Function],
                "executeStoreQuery": [Function],
              },
              "storeWriter": StoreWriter {},
              "typenameDocumentCache": Map {},
              "watches": Set {},
            },
          },
          "typeDefs": undefined,
          "version": "2.5.0",
          "watchQuery": [Function],
        },
      },
      "ref": null,
      "rendered": Object {
        "instance": null,
        "key": undefined,
        "nodeType": "class",
        "props": Object {},
        "ref": null,
        "rendered": null,
        "type": [Function],
      },
      "type": [Function],
    },
  ],
  Symbol(enzyme.__options__): Object {
    "adapter": ReactSixteenAdapter {
      "options": Object {
        "enableComponentDidUpdateOnSetState": true,
        "legacyContextMode": "parent",
        "lifecycles": Object {
          "componentDidUpdate": Object {
            "onSetState": true,
          },
          "getChildContext": Object {
            "calledByRenderer": false,
          },
          "getDerivedStateFromProps": true,
          "getSnapshotBeforeUpdate": true,
          "setState": Object {
            "skipsComponentDidUpdateOnNullish": true,
          },
        },
      },
    },
  },
  Symbol(enzyme.__childContext__): null,
}
`;
