// Jest Snapshot v1, https://goo.gl/fbAQLP

exports[`renders empty dashboard crashing 1`] = `
ShallowWrapper {
  Symbol(enzyme.__root__): [Circular],
  Symbol(enzyme.__unrendered__): <WithStyles(Dashboard) />,
  Symbol(enzyme.__renderer__): Object {
    "batchedUpdates": [Function],
    "checkPropTypes": [Function],
    "getNode": [Function],
    "render": [Function],
    "simulateError": [Function],
    "simulateEvent": [Function],
    "unmount": [Function],
  },
  Symbol(enzyme.__node__): Object {
    "instance": null,
    "key": undefined,
    "nodeType": "class",
    "props": Object {
      "classes": Object {
        "appBar": "Dashboard-appBar-4",
        "appBarShift": "Dashboard-appBarShift-5",
        "appBarSpacer": "Dashboard-appBarSpacer-11",
        "chartContainer": "Dashboard-chartContainer-13",
        "content": "Dashboard-content-12",
        "drawerPaper": "Dashboard-drawerPaper-9",
        "drawerPaperClose": "Dashboard-drawerPaperClose-10",
        "formContainer": "Dashboard-formContainer-14",
        "menuButton": "Dashboard-menuButton-6",
        "menuButtonHidden": "Dashboard-menuButtonHidden-7",
        "root": "Dashboard-root-1",
        "tableContainer": "Dashboard-tableContainer-15",
        "title": "Dashboard-title-8",
        "toolbar": "Dashboard-toolbar-2",
        "toolbarIcon": "Dashboard-toolbarIcon-3",
      },
    },
    "ref": null,
    "rendered": null,
    "type": [Function],
  },
  Symbol(enzyme.__nodes__): Array [
    Object {
      "instance": null,
      "key": undefined,
      "nodeType": "class",
      "props": Object {
        "classes": Object {
          "appBar": "Dashboard-appBar-4",
          "appBarShift": "Dashboard-appBarShift-5",
          "appBarSpacer": "Dashboard-appBarSpacer-11",
          "chartContainer": "Dashboard-chartContainer-13",
          "content": "Dashboard-content-12",
          "drawerPaper": "Dashboard-drawerPaper-9",
          "drawerPaperClose": "Dashboard-drawerPaperClose-10",
          "formContainer": "Dashboard-formContainer-14",
          "menuButton": "Dashboard-menuButton-6",
          "menuButtonHidden": "Dashboard-menuButtonHidden-7",
          "root": "Dashboard-root-1",
          "tableContainer": "Dashboard-tableContainer-15",
          "title": "Dashboard-title-8",
          "toolbar": "Dashboard-toolbar-2",
          "toolbarIcon": "Dashboard-toolbarIcon-3",
        },
      },
      "ref": null,
      "rendered": null,
      "type": [Function],
    },
  ],
  Symbol(enzyme.__options__): Object {
    "adapter": ReactSixteenAdapter {
      "options": Object {
        "enableComponentDidUpdateOnSetState": true,
        "legacyContextMode": "parent",
        "lifecycles": Object {
          "componentDidUpdate": Object {
            "onSetState": true,
          },
          "getChildContext": Object {
            "calledByRenderer": false,
          },
          "getDerivedStateFromProps": true,
          "getSnapshotBeforeUpdate": true,
          "setState": Object {
            "skipsComponentDidUpdateOnNullish": true,
          },
        },
      },
    },
  },
  Symbol(enzyme.__childContext__): null,
}
`;
