// Jest Snapshot v1, https://goo.gl/fbAQLP

exports[`ListTableHeader unit test matches snapshot 1`] = `
ShallowWrapper {
  Symbol(enzyme.__root__): [Circular],
  Symbol(enzyme.__unrendered__): <ListTableHeader
    headerNames={
      Array [
        "id",
        "name",
        "longName",
        "",
      ]
    }
    params={
      Object {
        "sortColumn": null,
      }
    }
  />,
  Symbol(enzyme.__renderer__): Object {
    "batchedUpdates": [Function],
    "checkPropTypes": [Function],
    "getNode": [Function],
    "render": [Function],
    "simulateError": [Function],
    "simulateEvent": [Function],
    "unmount": [Function],
  },
  Symbol(enzyme.__node__): Object {
    "instance": null,
    "key": undefined,
    "nodeType": "class",
    "props": Object {
      "children": <WithStyles(TableRow)>
        <WithStyles(TableCell)>
          <WithStyles(Tooltip)
            enterDelay={300}
            placement="bottom-start"
            title="Sort"
          >
            <WithStyles(TableSortLabel)
              active={null}
              direction="desc"
              onClick={[Function]}
            >
              Id
            </WithStyles(TableSortLabel)>
          </WithStyles(Tooltip)>
        </WithStyles(TableCell)>
        <WithStyles(TableCell)>
          <WithStyles(Tooltip)
            enterDelay={300}
            placement="bottom-start"
            title="Sort"
          >
            <WithStyles(TableSortLabel)
              active={null}
              direction="desc"
              onClick={[Function]}
            >
              Name
            </WithStyles(TableSortLabel)>
          </WithStyles(Tooltip)>
        </WithStyles(TableCell)>
        <WithStyles(TableCell)>
          <WithStyles(Tooltip)
            enterDelay={300}
            placement="bottom-start"
            title="Sort"
          >
            <WithStyles(TableSortLabel)
              active={null}
              direction="desc"
              onClick={[Function]}
            >
              Long Name
            </WithStyles(TableSortLabel)>
          </WithStyles(Tooltip)>
        </WithStyles(TableCell)>
        <WithStyles(TableCell)>
          <WithStyles(Tooltip)
            enterDelay={300}
            placement="bottom-start"
            title="Sort"
          >
            <WithStyles(TableSortLabel)
              active={null}
              direction="desc"
              onClick={[Function]}
            >
              
            </WithStyles(TableSortLabel)>
          </WithStyles(Tooltip)>
        </WithStyles(TableCell)>
        <WithStyles(TableCell)>
          <React.Fragment>
            Actions
          </React.Fragment>
        </WithStyles(TableCell)>
      </WithStyles(TableRow)>,
    },
    "ref": null,
    "rendered": Object {
      "instance": null,
      "key": undefined,
      "nodeType": "class",
      "props": Object {
        "children": Array [
          <WithStyles(TableCell)>
            <WithStyles(Tooltip)
              enterDelay={300}
              placement="bottom-start"
              title="Sort"
            >
              <WithStyles(TableSortLabel)
                active={null}
                direction="desc"
                onClick={[Function]}
              >
                Id
              </WithStyles(TableSortLabel)>
            </WithStyles(Tooltip)>
          </WithStyles(TableCell)>,
          <WithStyles(TableCell)>
            <WithStyles(Tooltip)
              enterDelay={300}
              placement="bottom-start"
              title="Sort"
            >
              <WithStyles(TableSortLabel)
                active={null}
                direction="desc"
                onClick={[Function]}
              >
                Name
              </WithStyles(TableSortLabel)>
            </WithStyles(Tooltip)>
          </WithStyles(TableCell)>,
          <WithStyles(TableCell)>
            <WithStyles(Tooltip)
              enterDelay={300}
              placement="bottom-start"
              title="Sort"
            >
              <WithStyles(TableSortLabel)
                active={null}
                direction="desc"
                onClick={[Function]}
              >
                Long Name
              </WithStyles(TableSortLabel)>
            </WithStyles(Tooltip)>
          </WithStyles(TableCell)>,
          <WithStyles(TableCell)>
            <WithStyles(Tooltip)
              enterDelay={300}
              placement="bottom-start"
              title="Sort"
            >
              <WithStyles(TableSortLabel)
                active={null}
                direction="desc"
                onClick={[Function]}
              >
                
              </WithStyles(TableSortLabel)>
            </WithStyles(Tooltip)>
          </WithStyles(TableCell)>,
          <WithStyles(TableCell)>
            <React.Fragment>
              Actions
            </React.Fragment>
          </WithStyles(TableCell)>,
        ],
      },
      "ref": null,
      "rendered": Array [
        Object {
          "instance": null,
          "key": "Id",
          "nodeType": "class",
          "props": Object {
            "children": <WithStyles(Tooltip)
              enterDelay={300}
              placement="bottom-start"
              title="Sort"
            >
              <WithStyles(TableSortLabel)
                active={null}
                direction="desc"
                onClick={[Function]}
              >
                Id
              </WithStyles(TableSortLabel)>
            </WithStyles(Tooltip)>,
          },
          "ref": null,
          "rendered": Object {
            "instance": null,
            "key": undefined,
            "nodeType": "class",
            "props": Object {
              "children": <WithStyles(TableSortLabel)
                active={null}
                direction="desc"
                onClick={[Function]}
              >
                Id
              </WithStyles(TableSortLabel)>,
              "enterDelay": 300,
              "placement": "bottom-start",
              "title": "Sort",
            },
            "ref": null,
            "rendered": Object {
              "instance": null,
              "key": undefined,
              "nodeType": "class",
              "props": Object {
                "active": null,
                "children": "Id",
                "direction": "desc",
                "onClick": [Function],
              },
              "ref": null,
              "rendered": "Id",
              "type": [Function],
            },
            "type": [Function],
          },
          "type": [Function],
        },
        Object {
          "instance": null,
          "key": "Name",
          "nodeType": "class",
          "props": Object {
            "children": <WithStyles(Tooltip)
              enterDelay={300}
              placement="bottom-start"
              title="Sort"
            >
              <WithStyles(TableSortLabel)
                active={null}
                direction="desc"
                onClick={[Function]}
              >
                Name
              </WithStyles(TableSortLabel)>
            </WithStyles(Tooltip)>,
          },
          "ref": null,
          "rendered": Object {
            "instance": null,
            "key": undefined,
            "nodeType": "class",
            "props": Object {
              "children": <WithStyles(TableSortLabel)
                active={null}
                direction="desc"
                onClick={[Function]}
              >
                Name
              </WithStyles(TableSortLabel)>,
              "enterDelay": 300,
              "placement": "bottom-start",
              "title": "Sort",
            },
            "ref": null,
            "rendered": Object {
              "instance": null,
              "key": undefined,
              "nodeType": "class",
              "props": Object {
                "active": null,
                "children": "Name",
                "direction": "desc",
                "onClick": [Function],
              },
              "ref": null,
              "rendered": "Name",
              "type": [Function],
            },
            "type": [Function],
          },
          "type": [Function],
        },
        Object {
          "instance": null,
          "key": "Long Name",
          "nodeType": "class",
          "props": Object {
            "children": <WithStyles(Tooltip)
              enterDelay={300}
              placement="bottom-start"
              title="Sort"
            >
              <WithStyles(TableSortLabel)
                active={null}
                direction="desc"
                onClick={[Function]}
              >
                Long Name
              </WithStyles(TableSortLabel)>
            </WithStyles(Tooltip)>,
          },
          "ref": null,
          "rendered": Object {
            "instance": null,
            "key": undefined,
            "nodeType": "class",
            "props": Object {
              "children": <WithStyles(TableSortLabel)
                active={null}
                direction="desc"
                onClick={[Function]}
              >
                Long Name
              </WithStyles(TableSortLabel)>,
              "enterDelay": 300,
              "placement": "bottom-start",
              "title": "Sort",
            },
            "ref": null,
            "rendered": Object {
              "instance": null,
              "key": undefined,
              "nodeType": "class",
              "props": Object {
                "active": null,
                "children": "Long Name",
                "direction": "desc",
                "onClick": [Function],
              },
              "ref": null,
              "rendered": "Long Name",
              "type": [Function],
            },
            "type": [Function],
          },
          "type": [Function],
        },
        Object {
          "instance": null,
          "key": "",
          "nodeType": "class",
          "props": Object {
            "children": <WithStyles(Tooltip)
              enterDelay={300}
              placement="bottom-start"
              title="Sort"
            >
              <WithStyles(TableSortLabel)
                active={null}
                direction="desc"
                onClick={[Function]}
              >
                
              </WithStyles(TableSortLabel)>
            </WithStyles(Tooltip)>,
          },
          "ref": null,
          "rendered": Object {
            "instance": null,
            "key": undefined,
            "nodeType": "class",
            "props": Object {
              "children": <WithStyles(TableSortLabel)
                active={null}
                direction="desc"
                onClick={[Function]}
              >
                
              </WithStyles(TableSortLabel)>,
              "enterDelay": 300,
              "placement": "bottom-start",
              "title": "Sort",
            },
            "ref": null,
            "rendered": Object {
              "instance": null,
              "key": undefined,
              "nodeType": "class",
              "props": Object {
                "active": null,
                "children": "",
                "direction": "desc",
                "onClick": [Function],
              },
              "ref": null,
              "rendered": "",
              "type": [Function],
            },
            "type": [Function],
          },
          "type": [Function],
        },
        Object {
          "instance": null,
          "key": "Actions",
          "nodeType": "class",
          "props": Object {
            "children": <React.Fragment>
              Actions
            </React.Fragment>,
          },
          "ref": null,
          "rendered": Object {
            "instance": null,
            "key": undefined,
            "nodeType": "function",
            "props": Object {
              "children": "Actions",
            },
            "ref": null,
            "rendered": "Actions",
            "type": Symbol(react.fragment),
          },
          "type": [Function],
        },
      ],
      "type": [Function],
    },
    "type": [Function],
  },
  Symbol(enzyme.__nodes__): Array [
    Object {
      "instance": null,
      "key": undefined,
      "nodeType": "class",
      "props": Object {
        "children": <WithStyles(TableRow)>
          <WithStyles(TableCell)>
            <WithStyles(Tooltip)
              enterDelay={300}
              placement="bottom-start"
              title="Sort"
            >
              <WithStyles(TableSortLabel)
                active={null}
                direction="desc"
                onClick={[Function]}
              >
                Id
              </WithStyles(TableSortLabel)>
            </WithStyles(Tooltip)>
          </WithStyles(TableCell)>
          <WithStyles(TableCell)>
            <WithStyles(Tooltip)
              enterDelay={300}
              placement="bottom-start"
              title="Sort"
            >
              <WithStyles(TableSortLabel)
                active={null}
                direction="desc"
                onClick={[Function]}
              >
                Name
              </WithStyles(TableSortLabel)>
            </WithStyles(Tooltip)>
          </WithStyles(TableCell)>
          <WithStyles(TableCell)>
            <WithStyles(Tooltip)
              enterDelay={300}
              placement="bottom-start"
              title="Sort"
            >
              <WithStyles(TableSortLabel)
                active={null}
                direction="desc"
                onClick={[Function]}
              >
                Long Name
              </WithStyles(TableSortLabel)>
            </WithStyles(Tooltip)>
          </WithStyles(TableCell)>
          <WithStyles(TableCell)>
            <WithStyles(Tooltip)
              enterDelay={300}
              placement="bottom-start"
              title="Sort"
            >
              <WithStyles(TableSortLabel)
                active={null}
                direction="desc"
                onClick={[Function]}
              >
                
              </WithStyles(TableSortLabel)>
            </WithStyles(Tooltip)>
          </WithStyles(TableCell)>
          <WithStyles(TableCell)>
            <React.Fragment>
              Actions
            </React.Fragment>
          </WithStyles(TableCell)>
        </WithStyles(TableRow)>,
      },
      "ref": null,
      "rendered": Object {
        "instance": null,
        "key": undefined,
        "nodeType": "class",
        "props": Object {
          "children": Array [
            <WithStyles(TableCell)>
              <WithStyles(Tooltip)
                enterDelay={300}
                placement="bottom-start"
                title="Sort"
              >
                <WithStyles(TableSortLabel)
                  active={null}
                  direction="desc"
                  onClick={[Function]}
                >
                  Id
                </WithStyles(TableSortLabel)>
              </WithStyles(Tooltip)>
            </WithStyles(TableCell)>,
            <WithStyles(TableCell)>
              <WithStyles(Tooltip)
                enterDelay={300}
                placement="bottom-start"
                title="Sort"
              >
                <WithStyles(TableSortLabel)
                  active={null}
                  direction="desc"
                  onClick={[Function]}
                >
                  Name
                </WithStyles(TableSortLabel)>
              </WithStyles(Tooltip)>
            </WithStyles(TableCell)>,
            <WithStyles(TableCell)>
              <WithStyles(Tooltip)
                enterDelay={300}
                placement="bottom-start"
                title="Sort"
              >
                <WithStyles(TableSortLabel)
                  active={null}
                  direction="desc"
                  onClick={[Function]}
                >
                  Long Name
                </WithStyles(TableSortLabel)>
              </WithStyles(Tooltip)>
            </WithStyles(TableCell)>,
            <WithStyles(TableCell)>
              <WithStyles(Tooltip)
                enterDelay={300}
                placement="bottom-start"
                title="Sort"
              >
                <WithStyles(TableSortLabel)
                  active={null}
                  direction="desc"
                  onClick={[Function]}
                >
                  
                </WithStyles(TableSortLabel)>
              </WithStyles(Tooltip)>
            </WithStyles(TableCell)>,
            <WithStyles(TableCell)>
              <React.Fragment>
                Actions
              </React.Fragment>
            </WithStyles(TableCell)>,
          ],
        },
        "ref": null,
        "rendered": Array [
          Object {
            "instance": null,
            "key": "Id",
            "nodeType": "class",
            "props": Object {
              "children": <WithStyles(Tooltip)
                enterDelay={300}
                placement="bottom-start"
                title="Sort"
              >
                <WithStyles(TableSortLabel)
                  active={null}
                  direction="desc"
                  onClick={[Function]}
                >
                  Id
                </WithStyles(TableSortLabel)>
              </WithStyles(Tooltip)>,
            },
            "ref": null,
            "rendered": Object {
              "instance": null,
              "key": undefined,
              "nodeType": "class",
              "props": Object {
                "children": <WithStyles(TableSortLabel)
                  active={null}
                  direction="desc"
                  onClick={[Function]}
                >
                  Id
                </WithStyles(TableSortLabel)>,
                "enterDelay": 300,
                "placement": "bottom-start",
                "title": "Sort",
              },
              "ref": null,
              "rendered": Object {
                "instance": null,
                "key": undefined,
                "nodeType": "class",
                "props": Object {
                  "active": null,
                  "children": "Id",
                  "direction": "desc",
                  "onClick": [Function],
                },
                "ref": null,
                "rendered": "Id",
                "type": [Function],
              },
              "type": [Function],
            },
            "type": [Function],
          },
          Object {
            "instance": null,
            "key": "Name",
            "nodeType": "class",
            "props": Object {
              "children": <WithStyles(Tooltip)
                enterDelay={300}
                placement="bottom-start"
                title="Sort"
              >
                <WithStyles(TableSortLabel)
                  active={null}
                  direction="desc"
                  onClick={[Function]}
                >
                  Name
                </WithStyles(TableSortLabel)>
              </WithStyles(Tooltip)>,
            },
            "ref": null,
            "rendered": Object {
              "instance": null,
              "key": undefined,
              "nodeType": "class",
              "props": Object {
                "children": <WithStyles(TableSortLabel)
                  active={null}
                  direction="desc"
                  onClick={[Function]}
                >
                  Name
                </WithStyles(TableSortLabel)>,
                "enterDelay": 300,
                "placement": "bottom-start",
                "title": "Sort",
              },
              "ref": null,
              "rendered": Object {
                "instance": null,
                "key": undefined,
                "nodeType": "class",
                "props": Object {
                  "active": null,
                  "children": "Name",
                  "direction": "desc",
                  "onClick": [Function],
                },
                "ref": null,
                "rendered": "Name",
                "type": [Function],
              },
              "type": [Function],
            },
            "type": [Function],
          },
          Object {
            "instance": null,
            "key": "Long Name",
            "nodeType": "class",
            "props": Object {
              "children": <WithStyles(Tooltip)
                enterDelay={300}
                placement="bottom-start"
                title="Sort"
              >
                <WithStyles(TableSortLabel)
                  active={null}
                  direction="desc"
                  onClick={[Function]}
                >
                  Long Name
                </WithStyles(TableSortLabel)>
              </WithStyles(Tooltip)>,
            },
            "ref": null,
            "rendered": Object {
              "instance": null,
              "key": undefined,
              "nodeType": "class",
              "props": Object {
                "children": <WithStyles(TableSortLabel)
                  active={null}
                  direction="desc"
                  onClick={[Function]}
                >
                  Long Name
                </WithStyles(TableSortLabel)>,
                "enterDelay": 300,
                "placement": "bottom-start",
                "title": "Sort",
              },
              "ref": null,
              "rendered": Object {
                "instance": null,
                "key": undefined,
                "nodeType": "class",
                "props": Object {
                  "active": null,
                  "children": "Long Name",
                  "direction": "desc",
                  "onClick": [Function],
                },
                "ref": null,
                "rendered": "Long Name",
                "type": [Function],
              },
              "type": [Function],
            },
            "type": [Function],
          },
          Object {
            "instance": null,
            "key": "",
            "nodeType": "class",
            "props": Object {
              "children": <WithStyles(Tooltip)
                enterDelay={300}
                placement="bottom-start"
                title="Sort"
              >
                <WithStyles(TableSortLabel)
                  active={null}
                  direction="desc"
                  onClick={[Function]}
                >
                  
                </WithStyles(TableSortLabel)>
              </WithStyles(Tooltip)>,
            },
            "ref": null,
            "rendered": Object {
              "instance": null,
              "key": undefined,
              "nodeType": "class",
              "props": Object {
                "children": <WithStyles(TableSortLabel)
                  active={null}
                  direction="desc"
                  onClick={[Function]}
                >
                  
                </WithStyles(TableSortLabel)>,
                "enterDelay": 300,
                "placement": "bottom-start",
                "title": "Sort",
              },
              "ref": null,
              "rendered": Object {
                "instance": null,
                "key": undefined,
                "nodeType": "class",
                "props": Object {
                  "active": null,
                  "children": "",
                  "direction": "desc",
                  "onClick": [Function],
                },
                "ref": null,
                "rendered": "",
                "type": [Function],
              },
              "type": [Function],
            },
            "type": [Function],
          },
          Object {
            "instance": null,
            "key": "Actions",
            "nodeType": "class",
            "props": Object {
              "children": <React.Fragment>
                Actions
              </React.Fragment>,
            },
            "ref": null,
            "rendered": Object {
              "instance": null,
              "key": undefined,
              "nodeType": "function",
              "props": Object {
                "children": "Actions",
              },
              "ref": null,
              "rendered": "Actions",
              "type": Symbol(react.fragment),
            },
            "type": [Function],
          },
        ],
        "type": [Function],
      },
      "type": [Function],
    },
  ],
  Symbol(enzyme.__options__): Object {
    "adapter": ReactSixteenAdapter {
      "options": Object {
        "enableComponentDidUpdateOnSetState": true,
        "legacyContextMode": "parent",
        "lifecycles": Object {
          "componentDidUpdate": Object {
            "onSetState": true,
          },
          "getChildContext": Object {
            "calledByRenderer": false,
          },
          "getDerivedStateFromProps": true,
          "getSnapshotBeforeUpdate": true,
          "setState": Object {
            "skipsComponentDidUpdateOnNullish": true,
          },
        },
      },
    },
  },
  Symbol(enzyme.__childContext__): null,
}
`;
