// Jest Snapshot v1, https://goo.gl/fbAQLP

exports[`BaseDataView component unit test matches snapshot 1`] = `
ShallowWrapper {
  Symbol(enzyme.__root__): [Circular],
  Symbol(enzyme.__unrendered__): <WithStyles(withRouter(Connect(BaseDataView))) />,
  Symbol(enzyme.__renderer__): Object {
    "batchedUpdates": [Function],
    "checkPropTypes": [Function],
    "getNode": [Function],
    "render": [Function],
    "simulateError": [Function],
    "simulateEvent": [Function],
    "unmount": [Function],
  },
  Symbol(enzyme.__node__): Object {
    "instance": null,
    "key": undefined,
    "nodeType": "function",
    "props": Object {
      "classes": Object {
        "appBar": "withRouter-Connect-BaseDataView---appBar-4",
        "appBarShift": "withRouter-Connect-BaseDataView---appBarShift-5",
        "appBarSpacer": "withRouter-Connect-BaseDataView---appBarSpacer-11",
        "chartContainer": "withRouter-Connect-BaseDataView---chartContainer-13",
        "content": "withRouter-Connect-BaseDataView---content-12",
        "drawerPaper": "withRouter-Connect-BaseDataView---drawerPaper-9",
        "drawerPaperClose": "withRouter-Connect-BaseDataView---drawerPaperClose-10",
        "formContainer": "withRouter-Connect-BaseDataView---formContainer-14",
        "menuButton": "withRouter-Connect-BaseDataView---menuButton-6",
        "menuButtonHidden": "withRouter-Connect-BaseDataView---menuButtonHidden-7",
        "root": "withRouter-Connect-BaseDataView---root-1",
        "tableContainer": "withRouter-Connect-BaseDataView---tableContainer-15",
        "title": "withRouter-Connect-BaseDataView---title-8",
        "toolbar": "withRouter-Connect-BaseDataView---toolbar-2",
        "toolbarIcon": "withRouter-Connect-BaseDataView---toolbarIcon-3",
      },
    },
    "ref": null,
    "rendered": null,
    "type": [Function],
  },
  Symbol(enzyme.__nodes__): Array [
    Object {
      "instance": null,
      "key": undefined,
      "nodeType": "function",
      "props": Object {
        "classes": Object {
          "appBar": "withRouter-Connect-BaseDataView---appBar-4",
          "appBarShift": "withRouter-Connect-BaseDataView---appBarShift-5",
          "appBarSpacer": "withRouter-Connect-BaseDataView---appBarSpacer-11",
          "chartContainer": "withRouter-Connect-BaseDataView---chartContainer-13",
          "content": "withRouter-Connect-BaseDataView---content-12",
          "drawerPaper": "withRouter-Connect-BaseDataView---drawerPaper-9",
          "drawerPaperClose": "withRouter-Connect-BaseDataView---drawerPaperClose-10",
          "formContainer": "withRouter-Connect-BaseDataView---formContainer-14",
          "menuButton": "withRouter-Connect-BaseDataView---menuButton-6",
          "menuButtonHidden": "withRouter-Connect-BaseDataView---menuButtonHidden-7",
          "root": "withRouter-Connect-BaseDataView---root-1",
          "tableContainer": "withRouter-Connect-BaseDataView---tableContainer-15",
          "title": "withRouter-Connect-BaseDataView---title-8",
          "toolbar": "withRouter-Connect-BaseDataView---toolbar-2",
          "toolbarIcon": "withRouter-Connect-BaseDataView---toolbarIcon-3",
        },
      },
      "ref": null,
      "rendered": null,
      "type": [Function],
    },
  ],
  Symbol(enzyme.__options__): Object {
    "adapter": ReactSixteenAdapter {
      "options": Object {
        "enableComponentDidUpdateOnSetState": true,
        "legacyContextMode": "parent",
        "lifecycles": Object {
          "componentDidUpdate": Object {
            "onSetState": true,
          },
          "getChildContext": Object {
            "calledByRenderer": false,
          },
          "getDerivedStateFromProps": true,
          "getSnapshotBeforeUpdate": true,
          "setState": Object {
            "skipsComponentDidUpdateOnNullish": true,
          },
        },
      },
    },
    "childContextTypes": Object {
      "router": [Function],
    },
    "context": Object {
      "router": Object {
        "history": Object {
          "action": "POP",
          "block": [Function],
          "createHref": [Function],
          "go": [Function],
          "goBack": [Function],
          "goForward": [Function],
          "length": 1,
          "listen": [Function],
          "location": Object {
            "hash": "",
            "pathname": "/",
            "search": "",
            "state": undefined,
          },
          "push": [Function],
          "replace": [Function],
        },
        "route": Object {
          "location": Object {},
          "match": Object {},
        },
      },
    },
  },
  Symbol(enzyme.__childContext__): null,
}
`;
